// Jest Snapshot v1, https://goo.gl/fbAQLP

exports[`matches snapshot 1`] = `
<Box
  boxStyle={
    Object {
      "backgroundColor": "blue",
      "height": "10px",
      "width": "10px",
    }
  }
>
  <div
    style={
      Object {
        "backgroundColor": "blue",
        "height": "10px",
        "width": "10px",
      }
    }
  >
    <button>
      X
    </button>
  </div>
</Box>
`;
