// Jest Snapshot v1, https://goo.gl/fbAQLP

exports[`matches snapshot 1`] = `
<NewBoxForm>
  <div>
    <form
      onSubmit={[Function]}
    >
      <label
        htmlFor="width"
      >
        width: 
      </label>
      <input
        id="width"
        name="width"
        onChange={[Function]}
        value=""
      />
      <label
        htmlFor="height"
      >
        Height: 
      </label>
      <input
        id="height"
        name="height"
        onChange={[Function]}
        value=""
      />
      <label
        htmlFor="backgroundColor"
      >
        Background Color: 
      </label>
      <input
        id="backgroundColor"
        name="backgroundColor"
        onChange={[Function]}
        value=""
      />
      <button>
        CreateBox
      </button>
    </form>
  </div>
</NewBoxForm>
`;
